Registration error: SQLSTATE[42S02]: Base table or view not found: 1146 Table 'soc-platform.users' doesn't existRegistration error: SQLSTATE[42S02]: Base table or view not found: 1146 Table 'soc-platform.users' doesn't existRegistration error: SQLSTATE[42S02]: Base table or view not found: 1146 Table 'soc-platform.users' doesn't existRegistration error: SQLSTATE[42S02]: Base table or view not found: 1146 Table 'soc-platform.users' doesn't existRegistration error: SQLSTATE[21000]: Cardinality violation: 1222 The used SELECT statements have a different number of columnsRegistration error: SQLSTATE[21000]: Cardinality violation: 1222 The used SELECT statements have a different number of columnsRegistration error: SQLSTATE[21000]: Cardinality violation: 1222 The used SELECT statements have a different number of columnsRegistration error: SQLSTATE[21000]: Cardinality violation: 1222 The used SELECT statements have a different number of columnsRegistration error: SQLSTATE[21000]: Cardinality violation: 1222 The used SELECT statements have a different number of columnsRegistration error: SQLSTATE[21000]: Cardinality violation: 1222 The used SELECT statements have a different number of columnsRegistration error: SQLSTATE[21000]: Cardinality violation: 1222 The used SELECT statements have a different number of columnsRegistration error: SQLSTATE[21000]: Cardinality violation: 1222 The used SELECT statements have a different number of columnsRegistration error: SQLSTATE[21000]: Cardinality violation: 1222 The used SELECT statements have a different number of columns